// Jest Snapshot v1, https://goo.gl/fbAQLP

exports[`renders correctly 1`] = `
<div
  url="http://www.facebook.com"
>
  Facebook
</div>
`;
